0200c883-e38f-4554-92bc-2eba913426b7 => {error lookup}
2425aeda-f247-4e39-9af0-6b55a47f5e85 => {error lookup}
44cee291-aa4e-44d2-aaaf-e0b9db5221b2 => {error lookup}
6e692c9a-52ef-49c0-a8c5-4ab5e733a7cd => {error lookup}
Abbé Suger of Saint-Denis => {error lookup}
Abbot Lee Lisan => {error lookup}
Abbot Mingzing => {error lookup}
'Abd al-'Azîz b. Sulaymân => {error lookup}
'Abd al-Qâdir al-Jîlânî => Abdul-Qadir Gilani {human}
'Abd al-Razzâq al-Qashânî => {error lookup}
'Abd al-Wahhâb al-Sha'rânî => {error lookup}
Abd as-Salâm ibn Mashish => Abd as-Salam ibn Mashish al-Alami {human}
Abraham Abulafia => Abraham Abulafia {human}
Abraham Lambspring => {error lookup}
Abraham von Frankenberg => Abraham von Franckenberg {human}
Abû Hafs Haddâd => {error lookup}
Abû Hamza al-Khurâsâni => {error lookup}
Abû Hanifah => Abū Ḥanīfa {human}
Abu Hurayrah => Abu Hurairah al-Dawsiyy {human}
Abu 'l-Fadl Hasan of Sarakhs => {error lookup}
Abu 'l-Fadl Muhammad b. al-Hasan al-Khuttali => {error lookup}
Abu 'l-Hasan al-Khurqânî => {error lookup}
Abu 'l-Husayn al-Nuri => {error lookup}
Abu 'l-Husayn al-Nûri => {error lookup}
Abu 'l-Husayn al-Nùrî => {error lookup}
Abu 'l-Husayn al-Nûrî => {error lookup}
Abu'l-Husayn al-Nûrî => {error lookup}
Abu 'l-Majdûd b. Âdam Sanâi => {error lookup}
Abu 'l-Majdûd b. Âdam Sanâ'î => {error lookup}
Abu 'l-Mawâhib ash-Shâdhili => {error lookup}
Abu 'l-Qâsim al-'Irâqî => {error lookup}
Abu 'l-Qâsim Bishr-i Yâsîn => {error lookup}
Abu Madyan => Abu Madyan {human}
Abû Madyan => Abu Madyan {human}
Abu Muhammad Ruwaym => {error lookup}
Abû Muhammad Ruwaym => {error lookup}
Abu Sa'id ibn Abi 'l-Khayr => {error lookup}
Abû Sa'id ibn Abi 'l-Khayr => {error lookup}
Abu Sa'îd ibn Abi 'l-Khayr => {error lookup}
Abû Sa'îd ibn Abi 'l-Khayr => {error lookup}
Abu Sulaymân al-Dârânî => {error lookup}
Abû Sulaymân al-Dârânî => {error lookup}
Abû Tâlib al-Makkî => Abu Talib al-Makki {human}
Abu 'Uthmân al-Hayri al-Nisâbûrî => {error lookup}
Abu 'Uthmân al-Hayrî al-Nisâbûrî => {error lookup}
Adam Lambspring => {error lookup}
Adam Zagajewski => Adam Zagajewski {human}
Aeschylus => Aeschylus {human}
Ahmad b. 'Âsim al-Antâkî => {error lookup}
Ahmad b. 'Isâ al-Kharrâz => {error lookup}
Ahmed Et-Tahâwî => {error lookup}
A. K. Coomaraswamy => Ananda Coomaraswamy {human}
Akka Chief => {error lookup}
Akka Mahâdêvî => Akka Mahadevi {human}
Alain Danielou => Alain Daniélou {human}
Alan Felsenthal => {error lookup}
Al-'Arabi al-Hasanî ad-Darqâwî => {error lookup}
Albertus Magnus => Albertus Magnus {human}
Alcuin => Alcuin {human}
Aldous Huxley => Aldous Huxley {human}
Al-Ghazâli => Al-Ghazali {human}
al-Ghazâlî => Al-Ghazali {human}
Al-Ghazâlî => Al-Ghazali {human}
Al-Hallâj => Mansur Al-Hallaj {human}
'Ali => Ali {male given name}
Al-Kalâbâdhi => {error lookup}
Al-Kalâbâdhî => {error lookup}
Al-Kâtibi => {error lookup}
Al-Muhâsibî => Harith al-Muhasibi {human}
Alphidius => {error lookup}
Al-Qushayri => Abd al-Karīm ibn Hawāzin Qushayri {human}
Al-Sarrâj => {error lookup}
Al-Suhrawardi => Suhrawardi {disambiguate}
Al-Tirmidhi => Abu `Isa Muhammad ibn `Isa at-Tirmidhi {human}
Al-Yâfi'î => {error lookup}
Amergin => Amergin {disambiguate}
Anagarvajra => {error lookup}
Anagavajra => {error lookup}
Ananda Moyi => {error lookup}
Anangavajra => {error lookup}
Anas b. Mâlik => {error lookup}
Anaxagoras => Anaxagoras {human}
Angelus Silesius => Angelus Silesius {human}
Annie Besant => Annie Besant {human}
Ansari => Ansari {disambiguate}
Ansâri => Ansari {disambiguate}
Ansârî => Ansari {disambiguate}
Antisthenes => Antisthenes {human}
Apollonius of Tyana => Apollonius of Tyana {human}
Apuleius => Apuleius {human}
Archelaos => Archelaus {disambiguate}
Archytas => Archytas {human}
Aristotle => {error timeout}
Asoka => Ashoka {human}
Asvaghosha => Aśvaghoṣa {human}
Attar => Attar {disambiguate}
'Attar => {error lookup}
Attâr => Attar {disambiguate}
'Attâr => {error lookup}
Augustin Chaboseau => Augustin Chaboseau {human}
Avicenna => Avicenna {human}
Azar Kaivân => {error lookup}
'Aziz ibn Muhammad al-Nasafi => {error lookup}
Bâbâ Tâhir => Baba Tahir {human}
Badru'ddin al-Shahid => {error lookup}
Baruch Togarmi => {error lookup}
Basil Valentine => Basil Valentine {human}
Bâyazid al Bistâmi => {error lookup}
Bâyazid al-Bistâmi => {error lookup}
Bâyazîd al-Bistâmi => {error lookup}
Bâyazid al-Bistâmî => {error lookup}
Bâyazîd al-Bistâmî => {error lookup}
Becher => Becher {['Wikimedia disambiguation page', 'family name']}
Benjamin Whichcote => Benjamin Whichcote {human}
Ben Zoma => {error timeout}
Bernard de Chartres => Bernard of Chartres {human}
Bernard Gui => Bernard Gui {human}
Bhartrari => {error lookup}
Bhartrhari => Bhartṛhari {human}
Binavâli => {error lookup}
Black Elk => Black Elk {human}
Boehme => Böhme {disambiguate}
Boethius => Boethius {human}
Bokuju => {error lookup}
Bonnie Myotai Treace => Bonnie Myotai Treace {human}
Brother Lawrence => Brother Lawrence {human}
Buddhaghosa => Buddhaghosa {human}
Bukkô Kokushi => {error lookup}
Bunan Zenji => {error lookup}
Calderón => Calderón {family name}
Callistus => Callistus {disambiguate}
Cardinal Tisserant => Eugène Tisserant {human}
Casanova => Giacomo Casanova {human}
Cassianus Eremita => {error lookup}
Chaitanya => Chaitanya {disambiguate}
Chang Ch'ao => {error lookup}
Chang Po-tuan => {error lookup}
Chang Yen-yuan => {error lookup}
Chang Yen-yüan => {error lookup}
Ch'en Chiju => {error lookup}
Cheng-chueh => {error lookup}
Ch'ên Tzû-ang => {error lookup}
Chief Isapwo Muksika Crowfoot => {error lookup}
Chief Red Jacket => {error lookup}
Chief Standing Bear => Standing Bear {human}
Chih-k'ai => {error lookup}
Chih Kung => {error lookup}
Chi K'ang => Ji Kang {human}
Ching Hao => {error lookup}
Ch'ing-yüan => Qingyuan {prefecture-level city}
Chin Shengt'an => {error lookup}
Chögyam Trungpa Rinpoche => Chögyam Trungpa {human}
Christopher Columbus => Christopher Columbus {human}
Chrysopeia of Cleopatra => {error lookup}
Chuang-tse => {error lookup}
Cicero => Cicero {human}
Clement of Alexandria => Clement of Alexandria {human}
Coates => Coates {disambiguate}
Coates and Ishizuka => {error lookup}
Comenius => Johann Amos Comenius {human}
Confucius => Confucius {human}
Coomaraswamy => Kumaraswamy {family name}
Cornelius Agrippa => Heinrich Cornelius Agrippa {human}
Crito => Crito {['book', 'Platonic dialogue']}
d28ea2ec-b179-4f6a-923a-bc7e46c7bb2c => {error lookup}
Dafydd ap Gwilym => Dafydd ap Gwilym {human}
Daidôji Yûsan => {error lookup}
Dai-o Kokushi => {error lookup}
Daksha => Daksha {['Hindu deity', 'god', 'nature deity']}
Damascius => Damascius {human}
Dame Gertrude More => Gertrude More {human}
Daniel von Czepko => Daniel Czepko von Reigersfeld {human}
Dante => Dante Alighieri {human}
De Nuysement => {error lookup}
Dhu 'l-Nun => {error lookup}
Dhu 'l-Nûn => {error lookup}
Diadoch of Photikos => {error lookup}
Diane Ackerman => Diane Ackerman {human}
Dion Chrysostom => Dio Chrysostom {human}
Dionysius => Dionysius {male given name}
Disraeli => Benjamin Disraeli {human}
Dôgen => Dōgen {human}
Dôken => {error lookup}
e8d8b048-5aec-4b2d-b229-62ee5114a33f => {error lookup}
Eckhart => Eckhart {disambiguate}
Edmund Spencer => Edmund Spenser {human}
Eihei Dogen => Dōgen {human}
Eisai => Eisai {human}
Elias Ashmole => Elias Ashmole {human}
Emily Dickinson => Emily Dickinson {human}
Empedocles => Empedocles {human}
Eobold Vogelius => {error lookup}
Epictetus => Epictetus {human}
Eugen Herrigel => Eugen Herrigel {human}
Euripides => Euripides {human}
Evagrius => Evagrius {disambiguate}
Ezra => Ezra {human biblical figure}
Ezra ben Solomon => {error lookup}
Fa-chao => {error lookup}
Father Augustine Baker => {error lookup}
Father Jerome Gratian => {error lookup}
Fâtimah Jahânârâ Begum Sâhib => {error lookup}
François Louis de Blois => {error lookup}
Freud => Sigmund Freud {human}
Fu Hsuan => Fu Xuan {human}
Fujiwara no Yoshifusa => Fujiwara no Yoshifusa {human}
Galway Kinnell => Galway Kinnell {human}
Gampopa => Gampopa {human}
Geber => Geber {disambiguate}
George Fox => George Fox {human}
George Herbert => George Herbert {human}
George Ripley => George Ripley {disambiguate}
Georg von Welling => Georg von Welling {human}
Giovanni Battista Nazari => {error lookup}
Guenon => Guenon {taxon}
Guénon => Guenon {taxon}
Hafiz => Hafiz {disambiguate}
Hâfiz => Hafiz {disambiguate}
Hakuin => Hakuin Ekaku {human}
Hakuin Ekaku => Hakuin Ekaku {human}
Han Shan => Hanshan {disambiguate}
Harold Robbins => Harold Robbins {human}
Hasan al-Basri => Hasan of Basra {human}
Heinrich Khunrath => Heinrich Khunrath {human}
Helvetius => Helvetius {disambiguate}
Henry Madathanas => Adrian von Mynsicht {human}
Henry Suso => Henry Suso {human}
Heraclitus => Heraclitus {human}
Hermes => Hermes {Twelve Olympians}
Hermes Trismegistus => Hermes Trismegistus {fictional character}
Herrigel => {error lookup}
Hesychios => Hesychius {disambiguate}
Honen => Hōnen {human}
Hônen => Hōnen {human}
Hongzhi => Hongzhi Emperor {human}
Hori Kintayu => {error lookup}
Hoyen of Gosozen => {error lookup}
Hsieh Ho => {error lookup}
Hsieh Tao-kuang => {error lookup}
Hsun Ch'ing => {error lookup}
Huai Nan Tzu => {error lookup}
Huai Nan Tzû => {error lookup}
Huang Po => Obaku {disambiguate}
Hugh of Saint-Victor => Hugh of Saint Victor {human}
Hui-neng => Huineng {human}
Hui-nêng => Huineng {human}
Hui Shih => Hui Shi {human}
Hui Tsung => Huizong {disambiguate}
Hujwiri => Ali Hujwiri {human}
Hujwîrî => Ali Hujwiri {human}
Hung-chih => {error lookup}
Hypatia => Hypatia {human}
Iamblichus => Iamblichus {human}
Ibn al-'Arif => {error lookup}
Ibn al-Fârid => Ibn al-Farid {human}
Ibn Arabi => Ibn ul-Arabi {human}
Ibn 'Arabi => Ibn ul-Arabi {human}
Ibn'Arabi => {error lookup}
Ibn 'Ataillâh => {error lookup}
Ibn 'Atâ'illâh => {error lookup}
Ibn' Atâ'illâh => {error lookup}
Ibn Bishrûn => {error lookup}
Ibn Khaldun => Ibn Khaldun {human}
Ibn Omar => Abdullah ibn Umar {human}
Ibn Sa'ad => {error lookup}
Ibràhîm al-Daqqâq => {error lookup}
Ibrâhîm b. Adham => {error lookup}
Ignatius Xanthopoulos => {error lookup}
Ippen Shônin => {error lookup}
'Irâqî => {error lookup}
Irenaeus Agnostus => {error lookup}
Isaac ibn Latif => Isaac ibn Latif {human}
Isaac of Acre => Isaac ben Samuel of Acre {human}
Ishizuka => Ishizuka {family name}
Iso-no-Kami-no Yakatsugu => {error lookup}
Israel Baal Shem => {error lookup}
Izawa-Nagahide => {error lookup}
Jacob Boehme => Jakob Böhme {human}
Jacobus de Voragine => Jacobus de Voragine {human}
Jahângîr => Jahangir {human}
Jâmi => Jami {human}
Jâmî => Jami {human}
Jan Baptista van Helmont => Jan Baptist van Helmont {human}
Jayata => {error lookup}
Jesaias Rompler von Lôwenhalt => {error lookup}
Jili => Jili {disambiguate}
Jîli => Jili {disambiguate}
Jîlî => Jili {disambiguate}
Jimyo => {error lookup}
Johannes Kelpius => Johannes Kelpius {human}
Johannes Scoitus Erigena => {error lookup}
Johannes Scotus Erigena => Johannes Scotus Eriugena {human}
Johannes Tritheim => {error lookup}
Johann Tarnovius => {error lookup}
John A Mehung => {error lookup}
John A. Mehung => {error lookup}
John Cremer => {error lookup}
John Mehung => {error lookup}
John of Cronstadt => John of Kronstadt {human}
John of Salisbury => John of Salisbury {human}
John Smith the Platonist => {error lookup}
John Sparrow => John Sparrow {disambiguate}
Joseph de Maistre => Joseph de Maistre {human}
Joseph Gikatila => {error lookup}
Julian of Norwich => Julian of Norwich {human}
Junayd => Junayd {['Wikimedia disambiguation page', 'family name']}
Justinian => Justinian I {human}
Kabir => Kabir {human}
Kakuban => Kakuban {human}
Keizan Jokin => Keizan {human}
Kenshin => Kenshin {disambiguate}
Kôbô Daishi => Kūkai {human}
Ko Ch'ang-Kêng => {error lookup}
Ko Hung => Ko Hung {disambiguate}
Kung-sun Lung => Gongsun Long {human}
Kung Tingan => {error lookup}
K. V. Rangaswami Aiyangar => {error lookup}
Laotse => Laozi {human}
Lao Tzu => Laozi {human}
Lao Zi => Laozi {human}
Lieh-tse => {error lookup}
Li Jih-hua => {error lookup}
Li Liweng => Li Yu {human}
Li Po => Li Bai {human}
Louis-Claude de Saint-Martin => Louis Claude de Saint-Martin {human}
Lucan => Lucan {human}
Lu Yu => Lu Yu {human}
Madame Blavatsky => Helena Blavatsky {human}
Madan => Madan {disambiguate}
Maimonides => Maimonides {human}
Marco Pallis => Marco Pallis {human}
Marcus Aurelius => Marcus Aurelius Antoninus {human}
Maria Popova => Maria Popova {human}
Mark Strand => Mark Strand {human}
Marpa => Marpa {disambiguate}
Marsilio Ficino => Marsilio Ficino {human}
Martin Laird => Martin Laird {human}
Maximus of Tyre => Maximus of Tyre {human}
Mechthild of Magdeburg => Mechthild of Magdeburg {human}
Meister Eckhart => Meister Eckhart {human}
Melissus => Melissus {disambiguate}
Menabadus => {error lookup}
Mencius => Mencius {human}
Michael Maier => Michael Maier {human}
Michael Sendivogius => Michał Sędziwój {human}
Milarepa => Milarepa {human}
Mîrâ Bâî => Meera {human}
Mohsan Fânî => {error lookup}
Morienus => {error lookup}
Moses ben Jacob Cordovero => Moses ben Jacob Cordovero {human}
Moses de Leon => Moses de León {human}
Mo Ti => Mozi {human}
Muhammad => Muhammad {human}
Muhammad al-Harrâq => {error lookup}
Muhammad b. al-Fadl => {error lookup}
Muhammad b. Khafff => {error lookup}
Muhammad ibnu 'l-Munawwar => {error lookup}
Muhammad ibnu l'Munawwar => {error lookup}
Mumon => Wumen Huikai {human}
Nâbulusi => Abd al-Ghani al-Nabulsi {human}
Nâgârjuna => Nagarjuna {human}
Nahmanides => Nahmanides {human}
Naomi Shihab Nye => Naomi Shihab Nye {human}
Naong Hyegeun => {error lookup}
Natalie Goldberg => Natalie Goldberg {human}
Nicephorus the Solitary => {error lookup}
Nicholas Flamel => Nicolas Flamel {human}
Nicholas Flamell => {error lookup}
Nicholas of Cusa => Nicholas of Cusa {human}
Nicholas Valois => {error lookup}
Niffari => {error lookup}
Nilakantha => Nilakantha {disambiguate}
Ohiyesa => Charles Eastman {human}
Omar Khayyâm => Omar Khayyám {human}
Origen => Origen {human}
Orpheus => Orpheus {mythological Greek character}
Oswald Croll => Oswald Croll {human}
Ovid => Ovid {human}
Padma-Karpo => {error lookup}
Padma-Sambhava => {error lookup}
Padma-Samhbava => {error lookup}
Palladius => Palladius {disambiguate}
Paracelsus => Paracelsus {human}
Parmenides => Parmenides {human}
Pascal Fauliot => {error lookup}
Patanjali => Patanjali {human}
Patricia Donegan => {error lookup}
Pauline Matarasso => {error lookup}
Paul Lorenz => {error lookup}
Peter Gabriel => Peter Gabriel {human}
Peter Martyr => Peter Martyr {disambiguate}
Peter Sterry => Peter Sterry {human}
Phadampa Sangay => {error lookup}
Phavorinus => Favorinus {human}
Philalethes => Philalethes {family name}
Philo => Philo {human}
Philolaus => Philolaus {human}
Philotheus of Sinai => {error lookup}
Pico della Mirandola => Giovanni Pico della Mirandola {human}
Pindar => Pindar {human}
Pir Murâd => Pir Murad {village}
Plato => Plato {human}
Playful-calf => {error lookup}
Plotinus => Plotinus {human}
Plutarch => Plutarch {human}
Po Chu-i => Bai Juyi {human}
Po Chü-i => Bai Juyi {human}
Pope Innocent VIII => Innocent VIII {human}
Pope Leo XIII => Leo XIII {human}
Pope Pius IX => Pius IX {human}
Pope Pius XI => Pius XI {human}
Porphyry => Porphyry {disambiguate}
Proclus => Proclus {human}
Ptolemy => Ptolemy {human}
Pythagoras => Pythagoras {human}
Queen Hatshepsut => Hatshepsut {human}
Quintilian => Quintilian {human}
Râbi'a of Basra => {error lookup}
Rabindranath Tagore => Rabindranath Tagore {human}
Rainer Maria Rilke => Rainer Maria Rilke {human}
Ralph Cudworth => Ralph Cudworth {human}
Râmâmâtya => {error lookup}
Râmânanda Ray => Sri Ramananda Raya {human}
Râmprasâd => Ram Prasad {disambiguate}
Ranier Maria Rilke => Rainer Maria Rilke {human}
Richard of Saint-Victor => Richard of Saint Victor {human}
Richard Rolle => Richard Rolle {human}
Richard the Englishman => {error lookup}
Rikyû => Rikyū {disambiguate}
R. Kita and K. Nagaya => {error lookup}
Robert Fludd => Robert Fludd {human}
Robert Herrick => Robert Herrick {disambiguate}
Roger Bacon => Roger Bacon {human}
R. S. Thomas => R. S. Thomas {human}
R.S. Thomas => R. S. Thomas {human}
Rumi => Rumi {human}
Rûmi => Rumi {human}
Rûmî => Rumi {human}
Ruysbroeck => John of Ruysbroeck {human}
Ryōkan => Ryokan {disambiguate}
Ryôkwan => {error lookup}
Ryônin => {error lookup}
Safûri => {error lookup}
Sahl al-Tustari => Sahl al-Tustari {human}
Sai Baba => Sai Baba {disambiguate}
Saichi => {error lookup}
Sallustius => Sallustius {human}
Sam Hamill => Sam Hamill {human}
Samuel ben Kalonymus => {error lookup}
Sanâtan => Sanatani {religious movement}
Santi-deva => {error lookup}
Sánti-deva => {error lookup}
Sânti-deva => {error lookup}
Sappho => Sappho {human}
Saraha => Saraha {human}
Schuon => Frithjof Schuon {human}
Seami Motokiyo => Zeami Motokiyo {human}
Send-ts'an => {error lookup}
Seneca => Seneca {disambiguate}
Seng-ts'an => Jianzhi Sengcan {human}
Seû-mà Tshyên => {error lookup}
Sextus the Pythagorean => Sentences of Sextus {none}
Shabistari => Shabestari {human}
Shakespeare => William Shakespeare {human}
Shakyamuni Buddha => Gautama Buddha {human}
Shaqiq of Balkh => {error lookup}
Shaykh Ahmad al-'Alawi => {error lookup}
Sheikh 'Abd-el-Hadi ben Ridouane => {error lookup}
Sheikh Abûlfaiz Faiyazi => {error lookup}
Shen-hui => {error lookup}
Shibli => Shibli {disambiguate}
Shinran => Shinran {human}
Shi-ping-wen => {error lookup}
Shirai-Sôin => {error lookup}
Shuson Kato => {error lookup}
Simone Weil => Simone Weil {human}
Simplicius => Simplicius {disambiguate}
Sir Henry Wotten => {error lookup}
Sir Walter Ralegh => Walter Raleigh {human}
Sister Consolata => {error lookup}
Sixtus of Siena => Sixtus of Siena {human}
Solomon Trismosin => {error lookup}
Sophocles => Sophocles {human}
Soshun => Early Spring {film}
So Toba => {error lookup}
Sri Chandrasekhara Bhâratî Swamigal => {error lookup}
Sri Chandrasekhara Bhârati Swâmigal => {error lookup}
Sri Chandrasekhara Bhâratî Swâmigal => {error lookup}
Sri Ramakrishna => Ramakrishna {human}
Sri Ramana Maharshi => Ramana Maharshi {human}
Sri Sankarâchàrya => {error lookup}
Sri Sankarâchârya => {error lookup}
Srî Sankarâchârya => {error lookup}
Sri Sankârâchârya => {error lookup}
Sri Sâradâ Devi => Sarada Devi {human}
Sri Sâradâ Devî => Sarada Devi {human}
St Alphonsus Liguori => Alphonsus Maria de Liguori {human}
St Ambrose => Ambrose {['human', 'Church Fathers']}
St Anselm => Anselm of Canterbury {human}
St Athanasius => Athanasius of Alexandria {['human', 'Church Fathers']}
St Augustine => Augustine of Hippo {human}
St Basil => Basil of Caesarea {human}
St Bernard => Saint Bernard {disambiguate}
St Bernardine of Siena => {error lookup}
St Bonaventura => Bonaventure {human}
St Catherine of Siena => Catherine of Siena {human}
St Cyprian => Cyprian {['human', 'Church Fathers']}
St Cyril of Alexandria => Cyril of Alexandria {human}
St Elias Ekdikos => {error lookup}
Stephanos of Alexandria => Stephen of Alexandria {human}
Steve Miller => Steve Miller {disambiguate}
St Francis de Sales => Francis de Sales {human}
St Francis of Assisi => Francis of Assisi {human}
St Gertrude => {error lookup}
St Gregory Nazianzen => Gregory of Nazianzus {human}
St Gregory of Nyssa => Gregory of Nyssa {human}
St Gregory of Sinai => {error lookup}
St Gregory Palamas => Gregory Palamas {human}
St Gregory the Great => Gregory I {human}
St Hildegard => {error lookup}
St Ignatius Loyola => Ignatius of Loyola {human}
St Ignatius of Antioch => Ignatius of Antioch {human}
St Irenaeus => Irenaeus {human}
St Isaac of Syria => {error lookup}
St Isaac the Syrian => {error lookup}
St Isidore => Isidore {male given name}
St John Chrysostom => John Chrysostom {human}
St John Damascene => John of Damascus {human}
St John of the Cross => John of the Cross {human}
St John of the Ladder => {error lookup}
St Justin => {error lookup}
St Louis de Montfort => Louis de Montfort {human}
St Macarius of Egypt => {error lookup}
St Maximus the Confessor => Maximus the Confessor {human}
St Nilus => {error lookup}
St Nilus Sorsky => {error lookup}
Stobaeus => Stobaeus {human}
St Peter Damian => Peter Damian {human}
St Remigius => Saint Remigius {human}
St Simeon the New Theologian => {error lookup}
St Teresa of Avila => Teresa of Ávila {human}
St Teresa of Lisieux => {error lookup}
St Thomas Aquinas => Thomas Aquinas {human}
St Vincent de Paul => Vincent de Paul {human}
Suhrawardi => Suhrawardi {disambiguate}
Suhrawardî => Suhrawardi {disambiguate}
Su Tung-p'o => Su Shi {human}
Swâmi Brahmânanda => Swami Brahmananda {human}
Swami Ramdas => Swami Ramdas {human}
Swami Sivananda => Sivananda Saraswati {human}
Swami Vivekananda => Swami Vivekananda {human}
Swatmaram Swami => {error lookup}
Takeda Shingen => Takeda Shingen {human}
Takuan => takuan {None}
Takuan Soho => Takuan Sōhō {human}
Taliesin => Taliesin {human}
Tao-chi => {error lookup}
T'ao Ch'ien => Tao Qian {disambiguate}
Tauler => Tauler {disambiguate}
Tenchin Reb Anderson => {error lookup}
Têng Ch'un => {error lookup}
Teresa Neumann => {error lookup}
Tertuilian => {error lookup}
The Abbâ of Ilîû => {error lookup}
The Blessed Virgin at Fatima => {error lookup}
The Curé d'Ars => {error lookup}
The Duke of Brunswick => {error lookup}
The Marquis de Luchet => {error lookup}
Theodore McCombs => {error lookup}
Theodore Parker => Theodore Parker {human}
Theophan => Theophanes {disambiguate}
The Russian Pilgrim => {error lookup}
Thich Nhat Hanh => Thich Nhat Hanh {human}
Thomas Merton => Thomas Merton {human}
Thomas Nashe => Thomas Nashe {human}
Thomas Norton => Thomas Norton {human}
Thomas Traherne => Thomas Traherne {human}
Thomas Vaughan => Thomas Vaughan {disambiguate}
Thomas Wildcat Alford => {error lookup}
Tierno Bokar => Tierno Bokar {human}
Tilopa => Tilopa {human}
Tirumûlar => Tirumular {human}
Tôyo Tenshitsu => {error lookup}
Tsesze => {error lookup}
Tso Ssu => {error lookup}
Tulsî Dâs => Tulsidas {human}
T'u Lung => {error lookup}
Tung Chung-shu => Dong Zhongshu {human}
Uyesugi Kenshin => {error lookup}
Virgil => Virgil {human}
Vyâsa => Vyasa {['human', 'human who may be fictional']}
Walter Hilton => Walter Hilton {human}
Walter Kauffman => {error lookup}
Walther von der Vogelweide => Walther von der Vogelweide {human}
Wang Ch'ung => Wang Chong {human}
Wang Yang-ming => Wang Yangming {human}
W. B. Yeats => William Butler Yeats {human}
William Durandus => Guillaume Durand {human}
William Law => William Law {human}
Xenophanes => Xenophanes {human}
Xenophon => Xenophon {human}
Yahyâ b. Mu'àdh al-Râzi => {error lookup}
Yekiwo => {error lookup}
Yoka Daishi => {error lookup}
Yôkwan => {error lookup}
Yunus Emre => Yunus Emre {human}
Za Paltrül Rinpoche => {error lookup}
Zendo => Zendo {none}
Zendô => Zendo {none}
Zenkai Shibayama => {error lookup}
Zhuang-Zi => {error lookup}
Zhuyang-Zi => {error lookup}
Zimon => {error lookup}
Zohar => Zohar {book}
Zoketsu Norman Fischer => Zoketsu Norman Fischer {human}
