Abhinaya Darpana => Nandikeshvara {human}
A Coin Lost in the River Is Found in the River => {error lookup}
Acts => Acts of the Apostles {religious text}
Acts of John => Acts of John {Biblical apocrypha}
Acts of Peter => Acts of Peter {Biblical apocrypha}
Acts of Thomas => Acts of Thomas {book}
Adi Granth => Siri Guru Granth Sahib {religious text}
Advaya Târaka Upanishad => Advayataraka Upanishad {none}
Aenid => Aeneid {epic poem}
Agamemnon => Agamemnon {mythological Greek character}
Aggana Suttanta => {error lookup}
Aitareya Aranyaka => Aranyaka {None}
Aitareya Brâhmana => Aitareya Brahmana {none}
Akaranga Sutra => {error lookup}
Alcibiades => Alcibiades {human}
Amitâyur Dhyâna Sûtra => {error lookup}
Amos => Amos {disambiguate}
Anguttara nikâya => {error lookup}
An Open Entrance to the Closed Palace of the King => {error lookup}
Antony and Cleopatra => Antony and Cleopatra {play}
A Panegyrick on the Blessed Virgin Mary => {error lookup}
Apastamba Dharma Sutra => {error lookup}
Apocalyse of Thomas => {error lookup}
Apology => Apology {disambiguate}
Artha sâstra => Arthashastra {literary work}
Âryatârâbhattârikânâmâshtottarasatakastotra => {error lookup}
Aryatârâbhattârikânâmâshtottarasàtakastotra => {error lookup}
As You Like It => As You Like It {play}
Atharva Veda => Atharva Veda {none}
Atharva Veda (Gopatha Brahmana) => {error lookup}
Atmâ Bodha => {error lookup}
A Tract of Great Price => {error lookup}
Atsumori => Taira no Atsumori {human}
Avatamsaka Sutra => Avatamsaka Sutra {Mahayana sutra}
Bhagavad Gitá => Bhagavad Gita {religious text}
Bhagavad Gitâ => Bhagavad Gita {religious text}
Bhagavàd Gitâ => Bhagavad Gita {religious text}
Bhagavad Gîtâ => Bhagavad Gita {religious text}
Boating in Autumn => {error lookup}
Book of Enoch => Book of Enoch {religious text}
Book of Hours => book of hours {None}
Book of Images => {error lookup}
Brahma Gâla Sutta => {error lookup}
Brahma Sutra => Brahma Sutras {['Hindu scripture', 'sutra']}
Brahma Sûtra => Brahma Sutras {['Hindu scripture', 'sutra']}
Brihad Aranyaka Upanishad => {error lookup}
Brihad Âranyaka Upanishad => {error lookup}
Buddhist Texts => {error lookup}
Byôdôkakkyô Sutra => {error lookup}
Canon Episcopi => Canon Episcopi {none}
Canticle of Canticles => Song of Songs {religious text}
Canticles => Song of Songs {religious text}
Carnavas => Carnavas {album}
Chakkavatti Sihandada Suttuntu => {error lookup}
Chândogya Upanishad => Chāndogya Upaniṣad {none}
Cherub => cherub {None}
Chou Li => Rites of Zhou {literary work}
Christ in Islam => {error lookup}
Christ in Islâm => {error lookup}
Christolero's Epigrams => {error lookup}
Chuang tse => {error lookup}
Chuang Tse => Zhuangzi {disambiguate}
Cittavisuddhiprakarana => {error lookup}
City of God => City of God {disambiguate}
Clementine Homilies => Clementine literature {['romance', 'Biblical apocrypha']}
Cold Mountain Poems => {error lookup}
Collected French Poems => {error lookup}
Colossians => Epistle to the Colossians {['epistle', 'religious text']}
Confessio Fraterniatis => {error lookup}
Consolat. Philosoph. => {error lookup}
Contemporary Indian Philosophy => {error lookup}
Contest of Homer and Hesiod => Contest of Homer and Hesiod {book}
Cooking Your Way to Enlightnment with Korean Buddhist Nun and Chef Beop Song => {error lookup}
Cratylus => Cratylus {human}
Critias => Critias {human}
Crito => Crito {['book', 'Platonic dialogue']}
Cruden's Concordence => {error lookup}
Cultivating the Empty Field => {error lookup}
Cymbeline => Cymbeline {play}
Daniel => Daniel {male given name}
De Monarchia => De Monarchia {book}
De Occult Philos => {error lookup}
Deuteronomy => Deuteronomy {religious text}
Devikalottara Jnanachara Vichara Patalam => {error lookup}
De Vulgari Eloquentia => De vulgari eloquentia {None}
Dhammapada => Dhammapada {Buddhist texts}
Digha Nikâya => Dīgha Nikāya {Buddhist texts}
Discourse of Isis to Horus => {error lookup}
Divâni Shamsi Tabriz => {error lookup}
Dîvâni Shamsi Tabriz => {error lookup}
Divyâvadâna => Divyavadana {book series}
Dlvâni Shamsi Tabriz => {error lookup}
Don Giovanni and the Universe： Aldous Huxley on How the Moon Illuminates the Complementarity of Spirituality and Science => {error lookup}
Drinking Alone under the Moon => {error lookup}
Dueteronomy => {error lookup}
Early Journals => {error lookup}
Ecclesiastes => Ecclesiastes {religious text}
Ecclesiasticus => Sirach {['religious text', 'literary work']}
Eighth Duino Elegy => {error lookup}
Eigth Duino Elegy => {error lookup}
Eleusian Mysteries => Eleusinian Mysteries {['Greco-Roman mysteries', 'religion in ancient Greece']}
Ephesians => Epistle to the Ephesians {['literary work', 'religious text', 'epistle']}
Epistle of Discretion => {error lookup}
Eryxias => Eryxias {literary work}
Euthydemus => Euthydemus {disambiguate}
Exodus => Exodus {disambiguate}
Ezekiel => Ezekiel {['human', 'human biblical figure']}
Fa Kiu P'i Yu King => {error lookup}
First Duino Elegy => {error lookup}
Fourth Duino Elegy => {error lookup}
Fragments => Fragment {disambiguate}
Galatians => Galatians {disambiguate}
Galations => Epistle to the Galatians {['literary work', 'epistle']}
Garuda Purana => Garuda Purana {none}
Genesis => Genesis {disambiguate}
Gorgias => Gorgias {human}
Gospel of Thomas => Gospel of Thomas {gospel}
Guhyasamâjatantra => {error lookup}
Habakkuk => Habakkuk {human}
Hamlet => Hamlet {play}
Hebrews => Hebrews {None}
Hekhaloth Rabbati => {error lookup}
Henry IV Part I => Henry IV, Part 1 {play}
Henry IV Part II => Henry IV, Part 2 {play}
Hermenia of Athos => {error lookup}
Herm Mus => {error lookup}
Hevajratantra => {error lookup}
Hitopadesa => Hitopadesha {book}
Hônen => Hōnen {human}
Hônen the Buddhist Saint => {error lookup}
How Altruism Is Cultivated In Zen. => {error lookup}
Hymn to Apollo => Delphic Hymns {none}
Hymn to the Moon => {error lookup}
Hymn to the Mother of the Gods => {error lookup}
I Ching => I Ching {literary work}
I Corinthians => First Epistle to the Corinthians {['literary work', 'religious text', 'epistle']}
II Convito => {error lookup}
II Corinthians => Second Epistle to the Corinthians {['literary work', 'religious text', 'epistle']}
II Enoch => Second Book of Enoch {religious text}
II Kings => Books of Kings {religious text}
II Peter => Second Epistle of Peter {['religious text', 'epistle']}
II Thessalonians => Second Epistle to the Thessalonians {['literary work', 'religious text', 'epistle']}
II Timothy => Second Epistle to Timothy {['literary work', 'religious text', 'Pastoral epistles', 'epistle']}
I John => First Epistle of John {epistle}
Il Convito => {error lookup}
In a 12th Century Iranian Poem, a Vision of Solidarity We Need Today => {error lookup}
Inferno => Inferno {disambiguate}
Ingwa Sûtra => {error lookup}
Interno => {error lookup}
Ion => ion {None}
I Peter => First Epistle of Peter {['religious text', 'epistle']}
Isaiah => Isaiah {human biblical figure}
I Samuel => Books of Samuel {religious text}
Isâ Upanishad => {error lookup}
I Thessalonians => First Epistle to the Thessalonians {['literary work', 'religious text', 'epistle']}
I Timothy => First Epistle to Timothy {['literary work', 'religious text', 'Pastoral epistles', 'epistle']}
Itivuttaka => Itivuttaka {Buddhist texts}
IV Ezra => {error lookup}
Jaiminiya Upanisad Brâhmana => {error lookup}
Jaiminîya Upanisad Brâhmana => {error lookup}
James => James {disambiguate}
Jâtaka => Jataka tales {None}
Jeremiah => Jeremiah {human biblical figure}
Jetsiin Kahbum, or Life of Milarepa => {error lookup}
Jnânasankalini Tantra => {error lookup}
Job => job {None}
Joel => Joel {disambiguate}
John => John {disambiguate}
Jonah => Jonah {human}
Joshua => Joshua {['human biblical figure', 'human']}
Journal of George Fox => {error lookup}
Journey of the Mind to God => {error lookup}
Jude => Jude {disambiguate}
Julius Ceasar => Julius Caesar {human}
Just Sitting => {error lookup}
Kaishitaki Upanishad => {error lookup}
Kama Sutra => Kama Sutra {literary work}
Kashiwazaki => Kashiwazaki {disambiguate}
Katha Upanishad => Katha Upanishad {none}
Kaushitaki Upanishad => Kaushitaki Upanishad {none}
Kena Upanishad => Kena Upanishad {none}
Khaggavisâna Sutta => Rhinoceros Sutra {none}
King Lear => King Lear {play}
Kulârnava Tantra => {error lookup}
Kwannon Sutra => {error lookup}
Lalita Vistara => {error lookup}
Lamentations => Lamentations {religious text}
Lankavatara Sutra => Lankavatara Sutra {['sutra', 'religious text']}
Laws => law {None}
Le Morte d'Arthur => Le Morte d'Arthur {literary work}
Le Roi du Monde => {error lookup}
Les Roses => {error lookup}
Letters to a Young Poet => Letters to a Young Poet {literary work}
Letter to a friend => {error lookup}
Letter to a Friend => {error lookup}
Letter to a Young Poet => {error lookup}
Letter to Clara Westhoff Rilke => {error lookup}
Letter to Clara Westoff Rilke => {error lookup}
Letter to Countess Margot Sizzo Noris Crouy => {error lookup}
Letter to Countess Margot Sizzo Noris Cruoy => {error lookup}
Letter to Countess Marie von Thurn und Taxis Hohenlohe => {error lookup}
Letter to Diognetus => Epistle to Diognetus {none}
Letter to Ilse Erdman => {error lookup}
Letter to Karl and Elizabeth von der Heydt => {error lookup}
Letter to Lou Andreas Salomé => {error lookup}
Letter to Madame M R => {error lookup}
Letter to Marianne von Goldschmidt Rothschild => {error lookup}
Letter to Rudolf Bodlander => {error lookup}
Letter to Rudolph Bodlander => {error lookup}
Letter to Rudolph Zimmerman => {error lookup}
Letter to Sophy Giauque => {error lookup}
Letter to Witold Hulewicz => {error lookup}
Leviticus => Leviticus {['religious text', 'literary work']}
L 'Homme et son Devenir => {error lookup}
Libellus => Libellus {phrase}
Li Chi, Ai Kung Wen => {error lookup}
Li Chi, Ching Chieh => {error lookup}
Li Chi, Chi Yi => {error lookup}
Li Chi, Li Yun => {error lookup}
Life of Hônen => {error lookup}
Life of Plotinus => {error lookup}
Life of St Bernadette => {error lookup}
Life of St Theresa of Avila => {error lookup}
Lifer of Appollonius of Tyana => {error lookup}
Lodan Gawai Roltso => {error lookup}
Love's Labour's Lost => Love's Labour's Lost {play}
Macbeth => Macbeth {play}
Madly Singing in the Mountains => {error lookup}
Mahâbhârata => Mahabharata {None}
Maha Satipatthana Suttanta => {error lookup}
Mahâ Vagga => {error lookup}
Mahâvastu => Mahāvastu {Buddhist texts}
Maitri Upanishad => Maitrayaniya Upanishad {none}
Majjhima nikâya => {error lookup}
Malachi => Malachi {human}
Malleus Maleficarum => Malleus Maleficarum {book}
Manava dharma sastra => {error lookup}
Mânava dharma sâstra => {error lookup}
Mândûkya Upanishad => Mandukya Upanishad {none}
Manteq al Tayr => {error lookup}
Mârkandeya Purâna => Markandeya Purana {none}
Mathnawi => Masnavi {poem}
Matthew => Matthew {disambiguate}
Measure for Measure => Measure for Measure {play}
Media => Media {disambiguate}
Memoirs of St Perpetua => {error lookup}
Memories => memory {biological process}
Meno => Meno {book}
Merchant of Venice => The Merchant of Venice {play}
Micah => Micah {given name}
Midsummer Night's Dream => A Midsummer Night's Dream {play}
Milindapañha => Milinda Pañha {['religious text', 'Buddhist texts']}
Monkey => monkey {common name}
Mundaka Upanishad => Mundaka Upanishad {none}
Music at Night => Music at Night {disambiguate}
Nahum => Nahum {human}
Nârandâ Purânâ => {error lookup}
New Poems => New Poems {literary work}
Ninth Duino Elegy => {error lookup}
Nô gaku => {error lookup}
Nonth Duino Elegy => {error lookup}
Novum Lumen => {error lookup}
On the Pertinence of Philosophy => {error lookup}
Ortha nan Gaidheal => {error lookup}
Oxyrhynchus Papyri => Oxyrhynchus Papyri {['art collection', 'manuscript']}
Padre Pio the Stigmatist => {error lookup}
Pañcavimsa Brâhmana => Brahmana {None}
Papyrus of Nesi Khonsu => {error lookup}
Papyrus of Nu => {error lookup}
Papyrus of Paqrer => {error lookup}
Paradiso => Paradiso {disambiguate}
Paschale Praeconium => {error lookup}
Patron and Artist => {error lookup}
Payasi Suttana => {error lookup}
Peaks and Lamas => {error lookup}
Perspectives Spirituelles => {error lookup}
Phaedo => Phaedo {book}
Phaedrus => Phaedrus {disambiguate}
Philebus => Philebus {book}
Philippians => Epistle to the Philippians {['literary work', 'religious text', 'epistle']}
Philokalia => Philokalia {literary work}
Physics => physics {branch of science}
Polynesian Tradition => {error lookup}
Prajñá Páramitá => Prajnaparamita {religious concept}
Prajnâ Pâramitâ => Prajnaparamita {religious concept}
Prajnâpâramitâhrdaya => {error lookup}
Prasna Upanishad => Prashna Upanishad {none}
Protagoras => Protagoras {human}
Proverbs => proverb {None}
Psalm => Psalms {religious text}
Psalms => Psalms {religious text}
Pslam => {error lookup}
Purgatorio => Purgatorio {book}
Quran => Quran {['religious text', 'book']}
Qu'ran => Quran {['religious text', 'book']}
Qur'an => Quran {['religious text', 'book']}
Qur'àn => Quran {['religious text', 'book']}
Qur'ân => Quran {['religious text', 'book']}
Râmâyana => Ramayana {national epic}
Râmôpanisad => {error lookup}
Rasaratnasamuccaya => {error lookup}
Rasasiddhania => {error lookup}
Ratnagotravibhâga => Ratnagotravibhāga {none}
Rauzat us safa => {error lookup}
Republic => Republic {form of government}
Rerum Novarum => Rerum Novarum {encyclical}
Revelation => revelation {None}
Richard II => Richard II of England {human}
Richard III => Richard III of England {human}
Rigveda => Rigveda {religious text}
Rig Veda => Rigveda {religious text}
Romans => demography of the Roman Empire {none}
Romeo and Juliet => Romeo and Juliet {play}
Rosarium Philosophorum => {error lookup}
Ryôgon Sûtra => {error lookup}
Saddharma pundarika => {error lookup}
Sâhitya Darpana => {error lookup}
Samaveda Mantra Brahmana => {error lookup}
Samyutta nikáya => {error lookup}
Samyutta nikâya => {error lookup}
Sangitâ Makarandâ => {error lookup}
Sânkhâyana Aranyaka => {error lookup}
Sapta satikâ prajnâ pâramitâ Sûtra => {error lookup}
Satapatha Brâhmana => Shatapatha Brahmana {none}
Satasâhasrikâ prajnâramitâ => {error lookup}
Scala Claustralium => {error lookup}
Second Duino Elegy => {error lookup}
Second SUino Elegy => {error lookup}
Sefer Yetsirah => Sefer Yetzirah {book}
Seigwanji => {error lookup}
Sentiers de Gnose => {error lookup}
Seventh Duino Elegy => {error lookup}
Shaare Tsedek => {error lookup}
Shâktânandalarangini => {error lookup}
Shekel Hakodesh => {error lookup}
Shiva Samhitâ => Shiva Samhita {literary work}
Shivâ tattvâ Ratnâkarà => {error lookup}
Sig. Re => {error lookup}
Sir Gawayne and the Grene Knight => {error lookup}
Sixth Duino Elegy => {error lookup}
Some Aspects of the Hindu View of Life according to Dharmasàstra => {error lookup}
Song of Solomon => Song of Songs {religious text}
Sonnet => sonnet {None}
Sonnets to Orpheus => Sonnets to Orpheus {literary work}
Sonnet to Orpheus => {error lookup}
Srimad Bhagavatam => Bhagavata Purana {religious text}
Statesman => statesman {profession}
St John => Saint John {disambiguate}
St Luke => Luke the Evangelist {human}
St Mark => Mark the Evangelist {human}
St Matthew => Matthew the Apostle {['human', 'human biblical figure']}
Subhâshita Ratna Nidhi => {error lookup}
Sukhâvativyûha Sútra => Sukhāvatīvyūha Sūtra {disambiguate}
Sukhâvativyûha Sûtra => Sukhāvatīvyūha Sūtra {disambiguate}
Sukhâvatîvyûha Sûtra => Sukhāvatīvyūha Sūtra {disambiguate}
Sukranitisâra => {error lookup}
Sukranîtisâra => {error lookup}
Summis desiderantes affectibus => Summis desiderantes affectibus {Papal bull}
Surangama Sutra => Śūraṅgama Sūtra {['sutra', 'religious text']}
Suttanipâta => Sutta Nipāta {['literary work', 'Buddhist texts']}
Svetâsvatara Upanishad => Shvetashvatara Upanishad {none}
Symposium => symposium {holiday}
Taittiriya Samhitâ => Taittiriya Shakha {none}
Taittirîya Samhitâ => Taittiriya Shakha {none}
Taittiriya Upanishad => Taittiriya Upanishad {none}
Tale of the Loathly Lady => {error lookup}
Talks => Talk {disambiguate}
Talks with Sri Ramana Maharshi => {error lookup}
Talmud => Talmud {religious text}
Tao Te Ching => Tao Te Ching {['literary work', 'Chinese classics']}
Tejo bindu Upanishad => {error lookup}
Testament of St Joseph => {error lookup}
The Acts of John => Acts of John {Biblical apocrypha}
Theaetetus => Theaetetus {disambiguate}
The All Wise Doorkeeper => {error lookup}
The Art of Just Sitting   Essential Writings on the Zen Practice of Shikantaza => {error lookup}
Theatetus => Theaetetus {disambiguate}
The Book of Alze => {error lookup}
The Book of Hours => The Book of Hours {literary work}
The Book of Images => The Book of Images {literary work}
THe Book of Noah => {error lookup}
The Book of Songs => Book of Songs {disambiguate}
The Book of the Craft of Dying => {error lookup}
The Children of Fatima => {error lookup}
The Cloud of Unknowing => The Cloud of Unknowing {book}
The Complete Poems of Sappho => {error lookup}
The Converence of the Birds => {error lookup}
The Emerald Table of Hermes => {error lookup}
The Emerald Tablet => {error no label}
The Epistle of Privy Counsel => {error lookup}
The Fospel according to Thomas => {error lookup}
The Freemasons   an Hudibrastic Poem => {error lookup}
The Glory of the World => {error lookup}
The Golden Tract => {error lookup}
The Gospel according to St Thomas => {error lookup}
The Gospel according to Thomas => {error lookup}
The Gospel of Sri Ramakrishna => The Gospel of Sri Ramakrishna {book}
The Great Learning => Great Learning {literary work}
The Harper of Chao => {error lookup}
The Hoka Priests => {error lookup}
The Imitation of Christ => The Imitation of Christ {book}
The Life of Appolonius of Tyana => {error lookup}
The Lotus Sutra => {error lookup}
The Martyrdom of St Andrew => {error lookup}
The Martyrdom of St Peter => {error lookup}
The Merchant of Venice => The Merchant of Venice {play}
The Mevlidi Sherif => {error lookup}
The Mirror of Perfection => {error lookup}
Theologia Germanica => Theologia Germanica {work}
The Only True Way => {error lookup}
The Phoenix and the Turtle => The Phoenix and the Turtle {literary work}
The Pocket Thich Nhat Hanh => {error lookup}
The Rasâ'il of the Ikhwânu 'l Safâ => {error lookup}
The Rumi Collection => {error lookup}
The Secret Papers in the Jade Box of Ch'ing hua => {error lookup}
The Shepherd of Hermas => The Shepherd of Hermas {literature}
The Song of Solomon => Song of Songs {religious text}
The Sophic Hydrolith => {error lookup}
The Soul is Here for Its Own Joy => {error lookup}
The Sun of Justice => {error lookup}
The Tempest => The Tempest {play}
The Temptest => {error lookup}
The Ten Virtues => {error lookup}
The Testament of Dan => {error lookup}
The Testament of Gad => {error lookup}
The Testament of Joseph => {error lookup}
The Testament of Judah => {error lookup}
The Tibetan Book od the Dead => {error lookup}
The Tibetan Book of the Dead => Bardo Thodol {book}
The Travels of Fa hsien => {error lookup}
The Twa Magicians => The Twa Magicians {['folk song', 'ballad']}
The Wonders of the Holy Name => {error lookup}
The Zendavesta, Ormazd Yast => {error lookup}
Third Duino Elegy => {error lookup}
Timaeus => Timaeus {disambiguate}
Time => time {['scalar physical quantity', 'ISQ base quantity']}
Tipitaka => Tripitaka {book}
Tiru Aruf Payan => {error lookup}
Tirucachagam => {error lookup}
Titus => Titus {human}
Trisastisalâkâpurusacarita => {error lookup}
Trishikhi Brâhmana Upanishad => {error lookup}
Twelfth Night => Twelfth Night {play}
Udâna => Udāna {Buddhist texts}
Uncollected Poems => {error lookup}
Unmai Vilakkam => {error lookup}
Unseen Warfare => Hero {television series}
Vâkya Padiya => {error lookup}
Varnamala => Varṇamālā {disambiguate}
Vimalakirti Sutra => Vimalakirti Sutra {sutra}
Vinava Pitaka, Mahàvagga => {error lookup}
Vinaya Pitaka => Vinaya Pitaka {None}
Vishnu Purâna => Vishnu Purana {none}
Vishwasâra Tantra => {error lookup}
Vitae Patrum => Vitae Patrum {literary work}
Vita Nuova => Vita Nuova {literary work}
Will You Sit With Me? => {error lookup}
Winter's Tale => The Winter's Tale {play}
Wisdom => wisdom {virtue}
Yâjnavalkyà Smriti => Yājñavalkya Smṛti {none}
Yesod Hayirah => {error lookup}
Yoga Darshana => {error lookup}
Yoga Pradipa => {error lookup}
Yoga Shikhâ Upanishad => {error lookup}
Yoga Vasishtha => {error lookup}
Zechariah => Zechariah {disambiguate}
Zen Comments on the Mumonkan => {error lookup}
Zen in the Art of Archery => Zen in the Art of Archery {book}
Zephaniah => Zephaniah {human biblical figure}
Zohar => Zohar {book}
